============================================================================
  UoW D1-P3: Heterogeneous Physical 2-of-3 Authority Quorum Qualification
============================================================================

[Service C] Launching Authority Node C daemon process on 127.0.0.1:9527...

[Gate 1] Hardware Substrates & 3 Independent Failure Domains...
  Gate 1 Status: PASS

[Gate 2] 3-Way Cross-Architecture Deterministic Evaluation Agreement...
  Gate 2 Status: PASS

[Gate 3] All 4 Permutations of Physical 2-of-3 Quorum Commit Progress...
  Gate 3 Status: PASS

[Gate 4] Minority Partition Safety (No-Quorum -> No-Commit)...
  Gate 4 Status: PASS

[Gate 5] Non-Equivocation & Conflicting Quorums Blocked...
  Gate 5 Status: PASS

[Gate 6] Cross-Architecture Stale Replica Catch-Up & Rebuild...
  Gate 6 Status: PASS

[Gate 7] Heterogeneous Divergence Quarantine & Tamper Resistance...
  Gate 7 Status: PASS

[Claim Evaluation] Evaluating against Evidence Substrate Policy...

============================================================================
  Campaign Summary: PASS
  Observed Pass:    True
  Qualified:        True
  Evidence Level:   PHYSICAL
  Artifact:         C:\Users\nateb\OneDrive\Documents\UoW ESP32\qualification\distributed_authority\artifacts\physical-quorum-qualification.json
============================================================================
