========================================================================
  UoW D1-P2: Heterogeneous Physical Authority Pair Qualification
========================================================================

[Gate 1] Hardware Substrate & Board Failure Domain Enforcement...
  Gate 1 Status: PASS

[Gate 2] Deterministic Cross-Architecture Evaluation Agreement...
  Gate 2 Status: PASS

[Gate 3] Negative Controls (Stale Pre-State, Illegal State, Conflicting Vote Lock)...
  Gate 3 Status: PASS

[Gate 4] Clock Independence & Authority Vote Invariance...
  Gate 4 Status: PASS

[Gate 5] Piecewise Quorum Certificate Application & Idempotency...
  Gate 5 Status: PASS

[Gate 6] Stale Replica Catch-Up via Verified Rebuild...
  Gate 6 Status: PASS

[Gate 7] Divergence Quarantine & Tamper Resistance...
  Gate 7 Status: PASS

[Claim Evaluation] Evaluating against Evidence Substrate Policy...

========================================================================
  Campaign Summary: PASS
  Observed Pass:    True
  Qualified:        True
  Evidence Level:   PHYSICAL
  Artifact:         C:\Users\nateb\OneDrive\Documents\UoW ESP32\qualification\distributed_authority\artifacts\physical-pair-qualification.json
========================================================================
