C:\Users\nateb\AppData\Local\Programs\Python\Python313\Lib\site-packages\torch\cuda\__init__.py:61: FutureWarning: The pynvml package is deprecated. Please install nvidia-ml-py instead. If you did not install pynvml directly, please report this to the maintainers of the package that installed pynvml for you.
  import pynvml  # type: ignore[import]
W0924 16:39:38.229000 171084 site-packages\torch\utils\flop_counter.py:29] triton not found; flop counting will not work for triton kernels
C:\Users\nateb\AppData\Local\Programs\Python\Python313\Lib\copyreg.py:99: FutureWarning: `isinstance(treespec, LeafSpec)` is deprecated, use `isinstance(treespec, TreeSpec) and treespec.is_leaf()` instead.
  return cls.__new__(cls, *args)
C:\Users\nateb\AppData\Local\Programs\Python\Python313\Lib\copyreg.py:99: FutureWarning: `isinstance(treespec, LeafSpec)` is deprecated, use `isinstance(treespec, TreeSpec) and treespec.is_leaf()` instead.
  return cls.__new__(cls, *args)
C:\Users\nateb\AppData\Local\Programs\Python\Python313\Lib\copyreg.py:99: FutureWarning: `isinstance(treespec, LeafSpec)` is deprecated, use `isinstance(treespec, TreeSpec) and treespec.is_leaf()` instead.
  return cls.__new__(cls, *args)
C:\Users\nateb\AppData\Local\Programs\Python\Python313\Lib\copyreg.py:99: FutureWarning: `isinstance(treespec, LeafSpec)` is deprecated, use `isinstance(treespec, TreeSpec) and treespec.is_leaf()` instead.
  return cls.__new__(cls, *args)
C:\Users\nateb\AppData\Local\Programs\Python\Python313\Lib\copyreg.py:99: FutureWarning: `isinstance(treespec, LeafSpec)` is deprecated, use `isinstance(treespec, TreeSpec) and treespec.is_leaf()` instead.
  return cls.__new__(cls, *args)
C:\Users\nateb\AppData\Local\Programs\Python\Python313\Lib\copyreg.py:99: FutureWarning: `isinstance(treespec, LeafSpec)` is deprecated, use `isinstance(treespec, TreeSpec) and treespec.is_leaf()` instead.
  return cls.__new__(cls, *args)
C:\Users\nateb\AppData\Local\Programs\Python\Python313\Lib\copyreg.py:99: FutureWarning: `isinstance(treespec, LeafSpec)` is deprecated, use `isinstance(treespec, TreeSpec) and treespec.is_leaf()` instead.
  return cls.__new__(cls, *args)
C:\Users\nateb\AppData\Local\Programs\Python\Python313\Lib\copyreg.py:99: FutureWarning: `isinstance(treespec, LeafSpec)` is deprecated, use `isinstance(treespec, TreeSpec) and treespec.is_leaf()` instead.
  return cls.__new__(cls, *args)
C:\Users\nateb\AppData\Local\Programs\Python\Python313\Lib\copyreg.py:99: FutureWarning: `isinstance(treespec, LeafSpec)` is deprecated, use `isinstance(treespec, TreeSpec) and treespec.is_leaf()` instead.
  return cls.__new__(cls, *args)
C:\Users\nateb\AppData\Local\Programs\Python\Python313\Lib\copyreg.py:99: FutureWarning: `isinstance(treespec, LeafSpec)` is deprecated, use `isinstance(treespec, TreeSpec) and treespec.is_leaf()` instead.
  return cls.__new__(cls, *args)
C:\Users\nateb\AppData\Local\Programs\Python\Python313\Lib\copyreg.py:99: FutureWarning: `isinstance(treespec, LeafSpec)` is deprecated, use `isinstance(treespec, TreeSpec) and treespec.is_leaf()` instead.
  return cls.__new__(cls, *args)
C:\Users\nateb\AppData\Local\Programs\Python\Python313\Lib\copyreg.py:99: FutureWarning: `isinstance(treespec, LeafSpec)` is deprecated, use `isinstance(treespec, TreeSpec) and treespec.is_leaf()` instead.
  return cls.__new__(cls, *args)
C:\Users\nateb\AppData\Local\Programs\Python\Python313\Lib\copyreg.py:99: FutureWarning: `isinstance(treespec, LeafSpec)` is deprecated, use `isinstance(treespec, TreeSpec) and treespec.is_leaf()` instead.
  return cls.__new__(cls, *args)
[Campaign] PHYSICAL qualification: ESP32 on COM10 at 115200 baud
[Campaign] Initializing WorkloadEngine...
[Campaign] Initializing AdaptiveRoutingPolicy...
[torch.onnx] Obtain model graph for `RouterNet([...]` with `torch.export.export(..., strict=False)`...
[torch.onnx] Obtain model graph for `RouterNet([...]` with `torch.export.export(..., strict=False)`... ✅
[torch.onnx] Run decompositions...
[torch.onnx] Run decompositions... ✅
[torch.onnx] Translate the graph into ONNX...
[torch.onnx] Translate the graph into ONNX... ✅
[torch.onnx] Optimize the ONNX graph...
[torch.onnx] Optimize the ONNX graph... ✅
[CanaryDeployer] Promoted candidate to active NPU policy.
[Campaign] Running bootstrap hardware calibration...
[torch.onnx] Obtain model graph for `RouterNet([...]` with `torch.export.export(..., strict=False)`...
[torch.onnx] Obtain model graph for `RouterNet([...]` with `torch.export.export(..., strict=False)`... ✅
[torch.onnx] Run decompositions...
[torch.onnx] Run decompositions... ✅
[torch.onnx] Translate the graph into ONNX...
[torch.onnx] Translate the graph into ONNX... ✅
[torch.onnx] Optimize the ONNX graph...
[torch.onnx] Optimize the ONNX graph... ✅
[CanaryDeployer] Promoted candidate to active NPU policy.

[StochasticEnv] >>> Environmental Shock at Job 1: NOMINAL (All devices online and unburdened) | Planned Dwell: 224 jobs <<<

=======================================================
 Starting 1,200-Job Continuous Adaptation Router Campaign
 Total Jobs: 1200 | Concurrency: 4
=======================================================

[torch.onnx] Obtain model graph for `RouterNet([...]` with `torch.export.export(..., strict=False)`...
[torch.onnx] Obtain model graph for `RouterNet([...]` with `torch.export.export(..., strict=False)`... ✅
[torch.onnx] Run decompositions...
[torch.onnx] Run decompositions... ✅
[torch.onnx] Translate the graph into ONNX...
[torch.onnx] Translate the graph into ONNX... ✅
[torch.onnx] Optimize the ONNX graph...
[torch.onnx] Optimize the ONNX graph... ✅
[CanaryDeployer] Promoted candidate to active NPU policy.
[torch.onnx] Obtain model graph for `RouterNet([...]` with `torch.export.export(..., strict=False)`...
[torch.onnx] Obtain model graph for `RouterNet([...]` with `torch.export.export(..., strict=False)`... ✅
[torch.onnx] Run decompositions...
[torch.onnx] Run decompositions... ✅
[torch.onnx] Translate the graph into ONNX...
[torch.onnx] Translate the graph into ONNX... ✅
[torch.onnx] Optimize the ONNX graph...
[torch.onnx] Optimize the ONNX graph... ✅
Job   50/1200 | Phase: Stochastic_NOMIN | Rej(last50):  0/50 | AvgLat: 1987.9us | AvgRegret: 1130.3us | Evidence: 55226fc2af...
[CanaryDeployer] Promoted candidate to active NPU policy.
[torch.onnx] Obtain model graph for `RouterNet([...]` with `torch.export.export(..., strict=False)`...
[torch.onnx] Obtain model graph for `RouterNet([...]` with `torch.export.export(..., strict=False)`... ✅
[torch.onnx] Run decompositions...
[torch.onnx] Run decompositions... ✅
[torch.onnx] Translate the graph into ONNX...
[torch.onnx] Translate the graph into ONNX... ✅
[torch.onnx] Optimize the ONNX graph...
[torch.onnx] Optimize the ONNX graph... ✅
[CanaryDeployer] Promoted candidate to active NPU policy.
[torch.onnx] Obtain model graph for `RouterNet([...]` with `torch.export.export(..., strict=False)`...
[torch.onnx] Obtain model graph for `RouterNet([...]` with `torch.export.export(..., strict=False)`... ✅
[torch.onnx] Run decompositions...
[torch.onnx] Run decompositions... ✅
[torch.onnx] Translate the graph into ONNX...
[torch.onnx] Translate the graph into ONNX... ✅
[torch.onnx] Optimize the ONNX graph...
[torch.onnx] Optimize the ONNX graph... ✅
[CanaryDeployer] Promoted candidate to active NPU policy.
[torch.onnx] Obtain model graph for `RouterNet([...]` with `torch.export.export(..., strict=False)`...
[torch.onnx] Obtain model graph for `RouterNet([...]` with `torch.export.export(..., strict=False)`... ✅
[torch.onnx] Run decompositions...
[torch.onnx] Run decompositions... ✅
[torch.onnx] Translate the graph into ONNX...
[torch.onnx] Translate the graph into ONNX... ✅
[torch.onnx] Optimize the ONNX graph...
[torch.onnx] Optimize the ONNX graph... ✅
Job  100/1200 | Phase: Stochastic_NOMIN | Rej(last50):  0/50 | AvgLat: 2581.0us | AvgRegret: 1417.2us | Evidence: bb6c13a621...
[CanaryDeployer] Promoted candidate to active NPU policy.
[torch.onnx] Obtain model graph for `RouterNet([...]` with `torch.export.export(..., strict=False)`...
[torch.onnx] Obtain model graph for `RouterNet([...]` with `torch.export.export(..., strict=False)`... ✅
[torch.onnx] Run decompositions...
[torch.onnx] Run decompositions... ✅
[torch.onnx] Translate the graph into ONNX...
[torch.onnx] Translate the graph into ONNX... ✅
[torch.onnx] Optimize the ONNX graph...
[torch.onnx] Optimize the ONNX graph... ✅
[CanaryDeployer] Promoted candidate to active NPU policy.
[torch.onnx] Obtain model graph for `RouterNet([...]` with `torch.export.export(..., strict=False)`...
[torch.onnx] Obtain model graph for `RouterNet([...]` with `torch.export.export(..., strict=False)`... ✅
[torch.onnx] Run decompositions...
[torch.onnx] Run decompositions... ✅
[torch.onnx] Translate the graph into ONNX...
[torch.onnx] Translate the graph into ONNX... ✅
[torch.onnx] Optimize the ONNX graph...
[torch.onnx] Optimize the ONNX graph... ✅
Job  150/1200 | Phase: Stochastic_NOMIN | Rej(last50):  0/50 | AvgLat: 1822.5us | AvgRegret:  485.8us | Evidence: 4b0f77d8bf...
[CanaryDeployer] Promoted candidate to active NPU policy.
[torch.onnx] Obtain model graph for `RouterNet([...]` with `torch.export.export(..., strict=False)`...
[torch.onnx] Obtain model graph for `RouterNet([...]` with `torch.export.export(..., strict=False)`... ✅
[torch.onnx] Run decompositions...
[torch.onnx] Run decompositions... ✅
[torch.onnx] Translate the graph into ONNX...
[torch.onnx] Translate the graph into ONNX... ✅
[torch.onnx] Optimize the ONNX graph...
[torch.onnx] Optimize the ONNX graph... ✅
[CanaryDeployer] Promoted candidate to active NPU policy.
[torch.onnx] Obtain model graph for `RouterNet([...]` with `torch.export.export(..., strict=False)`...
[torch.onnx] Obtain model graph for `RouterNet([...]` with `torch.export.export(..., strict=False)`... ✅
[torch.onnx] Run decompositions...
[torch.onnx] Run decompositions... ✅
[torch.onnx] Translate the graph into ONNX...
[torch.onnx] Translate the graph into ONNX... ✅
[torch.onnx] Optimize the ONNX graph...
[torch.onnx] Optimize the ONNX graph... ✅
[CanaryDeployer] Promoted candidate to active NPU policy.
[torch.onnx] Obtain model graph for `RouterNet([...]` with `torch.export.export(..., strict=False)`...
[torch.onnx] Obtain model graph for `RouterNet([...]` with `torch.export.export(..., strict=False)`... ✅
[torch.onnx] Run decompositions...
[torch.onnx] Run decompositions... ✅
[torch.onnx] Translate the graph into ONNX...
[torch.onnx] Translate the graph into ONNX... ✅
[torch.onnx] Optimize the ONNX graph...
[torch.onnx] Optimize the ONNX graph... ✅
Job  200/1200 | Phase: Stochastic_NOMIN | Rej(last50):  0/50 | AvgLat: 1613.2us | AvgRegret:  278.4us | Evidence: d5c21eaab2...
[CanaryDeployer] Promoted candidate to active NPU policy.
[torch.onnx] Obtain model graph for `RouterNet([...]` with `torch.export.export(..., strict=False)`...
[torch.onnx] Obtain model graph for `RouterNet([...]` with `torch.export.export(..., strict=False)`... ✅
[torch.onnx] Run decompositions...
[torch.onnx] Run decompositions... ✅
[torch.onnx] Translate the graph into ONNX...
[torch.onnx] Translate the graph into ONNX... ✅
[torch.onnx] Optimize the ONNX graph...
[torch.onnx] Optimize the ONNX graph... ✅

[StochasticEnv] >>> Environmental Shock at Job 224: LARGE_BATCH_BURST (Heavy Poisson burst of batch 16 and 64 workloads) | Planned Dwell: 196 jobs <<<
[CanaryDeployer] Promoted candidate to active NPU policy.
[torch.onnx] Obtain model graph for `RouterNet([...]` with `torch.export.export(..., strict=False)`...C:\Users\nateb\AppData\Local\Programs\Python\Python313\Lib\copyreg.py:99: FutureWarning: `isinstance(treespec, LeafSpec)` is deprecated, use `isinstance(treespec, TreeSpec) and treespec.is_leaf()` instead.
  return cls.__new__(cls, *args)
C:\Users\nateb\AppData\Local\Programs\Python\Python313\Lib\copyreg.py:99: FutureWarning: `isinstance(treespec, LeafSpec)` is deprecated, use `isinstance(treespec, TreeSpec) and treespec.is_leaf()` instead.
  return cls.__new__(cls, *args)
C:\Users\nateb\AppData\Local\Programs\Python\Python313\Lib\copyreg.py:99: FutureWarning: `isinstance(treespec, LeafSpec)` is deprecated, use `isinstance(treespec, TreeSpec) and treespec.is_leaf()` instead.
  return cls.__new__(cls, *args)
C:\Users\nateb\AppData\Local\Programs\Python\Python313\Lib\copyreg.py:99: FutureWarning: `isinstance(treespec, LeafSpec)` is deprecated, use `isinstance(treespec, TreeSpec) and treespec.is_leaf()` instead.
  return cls.__new__(cls, *args)
C:\Users\nateb\AppData\Local\Programs\Python\Python313\Lib\copyreg.py:99: FutureWarning: `isinstance(treespec, LeafSpec)` is deprecated, use `isinstance(treespec, TreeSpec) and treespec.is_leaf()` instead.
  return cls.__new__(cls, *args)
C:\Users\nateb\AppData\Local\Programs\Python\Python313\Lib\copyreg.py:99: FutureWarning: `isinstance(treespec, LeafSpec)` is deprecated, use `isinstance(treespec, TreeSpec) and treespec.is_leaf()` instead.
  return cls.__new__(cls, *args)
C:\Users\nateb\AppData\Local\Programs\Python\Python313\Lib\copyreg.py:99: FutureWarning: `isinstance(treespec, LeafSpec)` is deprecated, use `isinstance(treespec, TreeSpec) and treespec.is_leaf()` instead.
  return cls.__new__(cls, *args)
C:\Users\nateb\AppData\Local\Programs\Python\Python313\Lib\copyreg.py:99: FutureWarning: `isinstance(treespec, LeafSpec)` is deprecated, use `isinstance(treespec, TreeSpec) and treespec.is_leaf()` instead.
  return cls.__new__(cls, *args)
C:\Users\nateb\AppData\Local\Programs\Python\Python313\Lib\copyreg.py:99: FutureWarning: `isinstance(treespec, LeafSpec)` is deprecated, use `isinstance(treespec, TreeSpec) and treespec.is_leaf()` instead.
  return cls.__new__(cls, *args)
C:\Users\nateb\AppData\Local\Programs\Python\Python313\Lib\copyreg.py:99: FutureWarning: `isinstance(treespec, LeafSpec)` is deprecated, use `isinstance(treespec, TreeSpec) and treespec.is_leaf()` instead.
  return cls.__new__(cls, *args)
C:\Users\nateb\AppData\Local\Programs\Python\Python313\Lib\copyreg.py:99: FutureWarning: `isinstance(treespec, LeafSpec)` is deprecated, use `isinstance(treespec, TreeSpec) and treespec.is_leaf()` instead.
  return cls.__new__(cls, *args)
C:\Users\nateb\AppData\Local\Programs\Python\Python313\Lib\copyreg.py:99: FutureWarning: `isinstance(treespec, LeafSpec)` is deprecated, use `isinstance(treespec, TreeSpec) and treespec.is_leaf()` instead.
  return cls.__new__(cls, *args)
C:\Users\nateb\AppData\Local\Programs\Python\Python313\Lib\copyreg.py:99: FutureWarning: `isinstance(treespec, LeafSpec)` is deprecated, use `isinstance(treespec, TreeSpec) and treespec.is_leaf()` instead.
  return cls.__new__(cls, *args)

[torch.onnx] Obtain model graph for `RouterNet([...]` with `torch.export.export(..., strict=False)`... ✅
[torch.onnx] Run decompositions...
[torch.onnx] Run decompositions... ✅
[torch.onnx] Translate the graph into ONNX...
[torch.onnx] Translate the graph into ONNX... ✅
[torch.onnx] Optimize the ONNX graph...
[torch.onnx] Optimize the ONNX graph... ✅
Job  250/1200 | Phase: Stochastic_LARGE | Rej(last50):  0/50 | AvgLat: 2097.0us | AvgRegret:  407.6us | Evidence: 58cb6101cd...
[CanaryDeployer] Promoted candidate to active NPU policy.
[torch.onnx] Obtain model graph for `RouterNet([...]` with `torch.export.export(..., strict=False)`...
[torch.onnx] Obtain model graph for `RouterNet([...]` with `torch.export.export(..., strict=False)`... ✅
[torch.onnx] Run decompositions...
[torch.onnx] Run decompositions... ✅
[torch.onnx] Translate the graph into ONNX...
[torch.onnx] Translate the graph into ONNX... ✅
[torch.onnx] Optimize the ONNX graph...
[torch.onnx] Optimize the ONNX graph... ✅
[CanaryDeployer] Promoted candidate to active NPU policy.
[torch.onnx] Obtain model graph for `RouterNet([...]` with `torch.export.export(..., strict=False)`...
[torch.onnx] Obtain model graph for `RouterNet([...]` with `torch.export.export(..., strict=False)`... ✅
[torch.onnx] Run decompositions...
[torch.onnx] Run decompositions... ✅
[torch.onnx] Translate the graph into ONNX...
[torch.onnx] Translate the graph into ONNX... ✅
[torch.onnx] Optimize the ONNX graph...
[torch.onnx] Optimize the ONNX graph... ✅
[CanaryDeployer] Promoted candidate to active NPU policy.
[torch.onnx] Obtain model graph for `RouterNet([...]` with `torch.export.export(..., strict=False)`...
[torch.onnx] Obtain model graph for `RouterNet([...]` with `torch.export.export(..., strict=False)`... ✅
[torch.onnx] Run decompositions...
[torch.onnx] Run decompositions... ✅
[torch.onnx] Translate the graph into ONNX...
[torch.onnx] Translate the graph into ONNX... ✅
[torch.onnx] Optimize the ONNX graph...
[torch.onnx] Optimize the ONNX graph... ✅
Job  300/1200 | Phase: Stochastic_LARGE | Rej(last50):  0/50 | AvgLat: 2656.0us | AvgRegret:  504.0us | Evidence: 0df1f0c725...
[CanaryDeployer] Promoted candidate to active NPU policy.
[torch.onnx] Obtain model graph for `RouterNet([...]` with `torch.export.export(..., strict=False)`...
[torch.onnx] Obtain model graph for `RouterNet([...]` with `torch.export.export(..., strict=False)`... ✅
[torch.onnx] Run decompositions...
[torch.onnx] Run decompositions... ✅
[torch.onnx] Translate the graph into ONNX...
[torch.onnx] Translate the graph into ONNX... ✅
[torch.onnx] Optimize the ONNX graph...
[torch.onnx] Optimize the ONNX graph... ✅
[CanaryDeployer] Promoted candidate to active NPU policy.
[torch.onnx] Obtain model graph for `RouterNet([...]` with `torch.export.export(..., strict=False)`...
[torch.onnx] Obtain model graph for `RouterNet([...]` with `torch.export.export(..., strict=False)`... ✅
[torch.onnx] Run decompositions...
[torch.onnx] Run decompositions... ✅
[torch.onnx] Translate the graph into ONNX...
[torch.onnx] Translate the graph into ONNX... ✅
[torch.onnx] Optimize the ONNX graph...
[torch.onnx] Optimize the ONNX graph... ✅
Job  350/1200 | Phase: Stochastic_LARGE | Rej(last50):  0/50 | AvgLat: 2537.9us | AvgRegret:  700.6us | Evidence: 04d4617be8...
[CanaryDeployer] Promoted candidate to active NPU policy.
[torch.onnx] Obtain model graph for `RouterNet([...]` with `torch.export.export(..., strict=False)`...
[torch.onnx] Obtain model graph for `RouterNet([...]` with `torch.export.export(..., strict=False)`... ✅
[torch.onnx] Run decompositions...
[torch.onnx] Run decompositions... ✅
[torch.onnx] Translate the graph into ONNX...
[torch.onnx] Translate the graph into ONNX... ✅
[torch.onnx] Optimize the ONNX graph...
[torch.onnx] Optimize the ONNX graph... ✅
[CanaryDeployer] Promoted candidate to active NPU policy.
[torch.onnx] Obtain model graph for `RouterNet([...]` with `torch.export.export(..., strict=False)`...
[torch.onnx] Obtain model graph for `RouterNet([...]` with `torch.export.export(..., strict=False)`... ✅
[torch.onnx] Run decompositions...
[torch.onnx] Run decompositions... ✅
[torch.onnx] Translate the graph into ONNX...
[torch.onnx] Translate the graph into ONNX... ✅
[torch.onnx] Optimize the ONNX graph...
[torch.onnx] Optimize the ONNX graph... ✅
[CanaryDeployer] Canary metrics degraded (rej_rate=0.0%, avg_lat=7.4ms, valid=True). Executing rollback!
[CanaryDeployer] Rolled back degraded candidate policy. Active policy preserved.
[torch.onnx] Obtain model graph for `RouterNet([...]` with `torch.export.export(..., strict=False)`...
[torch.onnx] Obtain model graph for `RouterNet([...]` with `torch.export.export(..., strict=False)`... ✅
[torch.onnx] Run decompositions...
[torch.onnx] Run decompositions... ✅
[torch.onnx] Translate the graph into ONNX...
[torch.onnx] Translate the graph into ONNX... ✅
[torch.onnx] Optimize the ONNX graph...
[torch.onnx] Optimize the ONNX graph... ✅
Job  400/1200 | Phase: Stochastic_LARGE | Rej(last50):  0/50 | AvgLat: 4055.8us | AvgRegret: 1993.0us | Evidence: 981ae0f97c...
[CanaryDeployer] Promoted candidate to active NPU policy.

[StochasticEnv] >>> Environmental Shock at Job 420: GPU_CONTENTION (Heavy background GEMM contention active on RTX 5070 GPU) | Planned Dwell: 80 jobs <<<
[torch.onnx] Obtain model graph for `RouterNet([...]` with `torch.export.export(..., strict=False)`...
[torch.onnx] Obtain model graph for `RouterNet([...]` with `torch.export.export(..., strict=False)`... ✅
[torch.onnx] Run decompositions...
[torch.onnx] Run decompositions... ✅
[torch.onnx] Translate the graph into ONNX...
[torch.onnx] Translate the graph into ONNX... ✅
[torch.onnx] Optimize the ONNX graph...
[torch.onnx] Optimize the ONNX graph... ✅
[CanaryDeployer] Promoted candidate to active NPU policy.
[torch.onnx] Obtain model graph for `RouterNet([...]` with `torch.export.export(..., strict=False)`...
[torch.onnx] Obtain model graph for `RouterNet([...]` with `torch.export.export(..., strict=False)`... ✅
[torch.onnx] Run decompositions...
[torch.onnx] Run decompositions... ✅
[torch.onnx] Translate the graph into ONNX...
[torch.onnx] Translate the graph into ONNX... ✅
[torch.onnx] Optimize the ONNX graph...
[torch.onnx] Optimize the ONNX graph... ✅
Job  450/1200 | Phase: Stochastic_GPU_C | Rej(last50):  0/50 | AvgLat: 2143.3us | AvgRegret:  628.7us | Evidence: 4b02c233c2...
[CanaryDeployer] Promoted candidate to active NPU policy.
[torch.onnx] Obtain model graph for `RouterNet([...]` with `torch.export.export(..., strict=False)`...
[torch.onnx] Obtain model graph for `RouterNet([...]` with `torch.export.export(..., strict=False)`... ✅
[torch.onnx] Run decompositions...
[torch.onnx] Run decompositions... ✅
[torch.onnx] Translate the graph into ONNX...
[torch.onnx] Translate the graph into ONNX... ✅
[torch.onnx] Optimize the ONNX graph...
[torch.onnx] Optimize the ONNX graph... ✅
[CanaryDeployer] Promoted candidate to active NPU policy.
[torch.onnx] Obtain model graph for `RouterNet([...]` with `torch.export.export(..., strict=False)`...
[torch.onnx] Obtain model graph for `RouterNet([...]` with `torch.export.export(..., strict=False)`... ✅
[torch.onnx] Run decompositions...
[torch.onnx] Run decompositions... ✅
[torch.onnx] Translate the graph into ONNX...
[torch.onnx] Translate the graph into ONNX... ✅
[torch.onnx] Optimize the ONNX graph...
[torch.onnx] Optimize the ONNX graph... ✅
[CanaryDeployer] Promoted candidate to active NPU policy.

[StochasticEnv] >>> Environmental Shock at Job 500: NOMINAL (All devices online and unburdened) | Planned Dwell: 30 jobs <<<
[GoldenBenchmark] Job 500: Mean Golden Suite Latency = 1516.5 us (Retention check: OK)
[torch.onnx] Obtain model graph for `RouterNet([...]` with `torch.export.export(..., strict=False)`...
[torch.onnx] Obtain model graph for `RouterNet([...]` with `torch.export.export(..., strict=False)`... ✅
[torch.onnx] Run decompositions...C:\Users\nateb\AppData\Local\Programs\Python\Python313\Lib\copyreg.py:99: FutureWarning: `isinstance(treespec, LeafSpec)` is deprecated, use `isinstance(treespec, TreeSpec) and treespec.is_leaf()` instead.
  return cls.__new__(cls, *args)
C:\Users\nateb\AppData\Local\Programs\Python\Python313\Lib\copyreg.py:99: FutureWarning: `isinstance(treespec, LeafSpec)` is deprecated, use `isinstance(treespec, TreeSpec) and treespec.is_leaf()` instead.
  return cls.__new__(cls, *args)
C:\Users\nateb\AppData\Local\Programs\Python\Python313\Lib\copyreg.py:99: FutureWarning: `isinstance(treespec, LeafSpec)` is deprecated, use `isinstance(treespec, TreeSpec) and treespec.is_leaf()` instead.
  return cls.__new__(cls, *args)
C:\Users\nateb\AppData\Local\Programs\Python\Python313\Lib\copyreg.py:99: FutureWarning: `isinstance(treespec, LeafSpec)` is deprecated, use `isinstance(treespec, TreeSpec) and treespec.is_leaf()` instead.
  return cls.__new__(cls, *args)
C:\Users\nateb\AppData\Local\Programs\Python\Python313\Lib\copyreg.py:99: FutureWarning: `isinstance(treespec, LeafSpec)` is deprecated, use `isinstance(treespec, TreeSpec) and treespec.is_leaf()` instead.
  return cls.__new__(cls, *args)
C:\Users\nateb\AppData\Local\Programs\Python\Python313\Lib\copyreg.py:99: FutureWarning: `isinstance(treespec, LeafSpec)` is deprecated, use `isinstance(treespec, TreeSpec) and treespec.is_leaf()` instead.
  return cls.__new__(cls, *args)
[CanaryDeployer] Regression check failed: cand_mse=739.4386 > act_mse=1.1893
C:\Users\nateb\AppData\Local\Programs\Python\Python313\Lib\copyreg.py:99: FutureWarning: `isinstance(treespec, LeafSpec)` is deprecated, use `isinstance(treespec, TreeSpec) and treespec.is_leaf()` instead.
  return cls.__new__(cls, *args)
C:\Users\nateb\AppData\Local\Programs\Python\Python313\Lib\copyreg.py:99: FutureWarning: `isinstance(treespec, LeafSpec)` is deprecated, use `isinstance(treespec, TreeSpec) and treespec.is_leaf()` instead.
  return cls.__new__(cls, *args)
C:\Users\nateb\AppData\Local\Programs\Python\Python313\Lib\copyreg.py:99: FutureWarning: `isinstance(treespec, LeafSpec)` is deprecated, use `isinstance(treespec, TreeSpec) and treespec.is_leaf()` instead.
  return cls.__new__(cls, *args)
C:\Users\nateb\AppData\Local\Programs\Python\Python313\Lib\copyreg.py:99: FutureWarning: `isinstance(treespec, LeafSpec)` is deprecated, use `isinstance(treespec, TreeSpec) and treespec.is_leaf()` instead.
  return cls.__new__(cls, *args)
C:\Users\nateb\AppData\Local\Programs\Python\Python313\Lib\copyreg.py:99: FutureWarning: `isinstance(treespec, LeafSpec)` is deprecated, use `isinstance(treespec, TreeSpec) and treespec.is_leaf()` instead.
  return cls.__new__(cls, *args)
C:\Users\nateb\AppData\Local\Programs\Python\Python313\Lib\copyreg.py:99: FutureWarning: `isinstance(treespec, LeafSpec)` is deprecated, use `isinstance(treespec, TreeSpec) and treespec.is_leaf()` instead.
  return cls.__new__(cls, *args)
C:\Users\nateb\AppData\Local\Programs\Python\Python313\Lib\copyreg.py:99: FutureWarning: `isinstance(treespec, LeafSpec)` is deprecated, use `isinstance(treespec, TreeSpec) and treespec.is_leaf()` instead.
  return cls.__new__(cls, *args)

[torch.onnx] Run decompositions... ✅
[torch.onnx] Translate the graph into ONNX...
[torch.onnx] Translate the graph into ONNX... ✅
[torch.onnx] Optimize the ONNX graph...
[torch.onnx] Optimize the ONNX graph... ✅
Job  500/1200 | Phase: Stochastic_NOMIN | Rej(last50):  0/50 | AvgLat: 1846.0us | AvgRegret:  754.1us | Evidence: 94d6b3c36b...
[CanaryDeployer] Promoted candidate to active NPU policy.
[torch.onnx] Obtain model graph for `RouterNet([...]` with `torch.export.export(..., strict=False)`...
[torch.onnx] Obtain model graph for `RouterNet([...]` with `torch.export.export(..., strict=False)`... ✅
[torch.onnx] Run decompositions...
[torch.onnx] Run decompositions... ✅
[torch.onnx] Translate the graph into ONNX...
[torch.onnx] Translate the graph into ONNX... ✅
[torch.onnx] Optimize the ONNX graph...
[torch.onnx] Optimize the ONNX graph... ✅

[StochasticEnv] >>> Environmental Shock at Job 530: NPU_CONTENTION (Heavy background inference contention active on Intel NPU) | Planned Dwell: 67 jobs <<<
[CanaryDeployer] Promoted candidate to active NPU policy.
[torch.onnx] Obtain model graph for `RouterNet([...]` with `torch.export.export(..., strict=False)`...
[torch.onnx] Obtain model graph for `RouterNet([...]` with `torch.export.export(..., strict=False)`... ✅
[torch.onnx] Run decompositions...
[torch.onnx] Run decompositions... ✅
[torch.onnx] Translate the graph into ONNX...
[torch.onnx] Translate the graph into ONNX... ✅
[torch.onnx] Optimize the ONNX graph...
[torch.onnx] Optimize the ONNX graph... ✅
Job  550/1200 | Phase: Stochastic_NPU_C | Rej(last50):  0/50 | AvgLat: 1572.5us | AvgRegret:  435.5us | Evidence: 7b63c9b352...
[CanaryDeployer] Promoted candidate to active NPU policy.
[torch.onnx] Obtain model graph for `RouterNet([...]` with `torch.export.export(..., strict=False)`...
[torch.onnx] Obtain model graph for `RouterNet([...]` with `torch.export.export(..., strict=False)`... ✅
[torch.onnx] Run decompositions...
[torch.onnx] Run decompositions... ✅
[torch.onnx] Translate the graph into ONNX...
[torch.onnx] Translate the graph into ONNX... ✅
[torch.onnx] Optimize the ONNX graph...
[torch.onnx] Optimize the ONNX graph... ✅
[CanaryDeployer] Promoted candidate to active NPU policy.
[torch.onnx] Obtain model graph for `RouterNet([...]` with `torch.export.export(..., strict=False)`...
[torch.onnx] Obtain model graph for `RouterNet([...]` with `torch.export.export(..., strict=False)`... ✅
[torch.onnx] Run decompositions...
[torch.onnx] Run decompositions... ✅
[torch.onnx] Translate the graph into ONNX...
[torch.onnx] Translate the graph into ONNX... ✅
[torch.onnx] Optimize the ONNX graph...
[torch.onnx] Optimize the ONNX graph... ✅
[CanaryDeployer] Promoted candidate to active NPU policy.

[StochasticEnv] >>> Environmental Shock at Job 597: COMPOUND_CONTENTION (Simultaneous compound contention on GPU and NPU) | Planned Dwell: 104 jobs <<<

[AdversarialTest] Injecting corrupted candidate policy at Job 600 to test live canary rollback...
[torch.onnx] Obtain model graph for `RouterNet([...]` with `torch.export.export(..., strict=False)`...
[torch.onnx] Obtain model graph for `RouterNet([...]` with `torch.export.export(..., strict=False)`... ✅
[torch.onnx] Run decompositions...
[torch.onnx] Run decompositions... ✅
[torch.onnx] Translate the graph into ONNX...
[torch.onnx] Translate the graph into ONNX... ✅
[torch.onnx] Optimize the ONNX graph...
[torch.onnx] Optimize the ONNX graph... ✅
[CanaryDeployer] Adversarial candidate (inverted) injected into live canary window.
Job  600/1200 | Phase: Stochastic_COMPO | Rej(last50):  0/50 | AvgLat: 1516.9us | AvgRegret:  256.3us | Evidence: 51c91af953...
[CanaryDeployer] Canary metrics degraded (rej_rate=0.0%, avg_lat=2.4ms, valid=False). Executing rollback!
[CanaryDeployer] Rolled back degraded candidate policy. Active policy preserved.
[torch.onnx] Obtain model graph for `RouterNet([...]` with `torch.export.export(..., strict=False)`...
[torch.onnx] Obtain model graph for `RouterNet([...]` with `torch.export.export(..., strict=False)`... ✅
[torch.onnx] Run decompositions...
[torch.onnx] Run decompositions... ✅
[torch.onnx] Translate the graph into ONNX...
[torch.onnx] Translate the graph into ONNX... ✅
[torch.onnx] Optimize the ONNX graph...
[torch.onnx] Optimize the ONNX graph... ✅
[CanaryDeployer] Promoted candidate to active NPU policy.
[torch.onnx] Obtain model graph for `RouterNet([...]` with `torch.export.export(..., strict=False)`...
[torch.onnx] Obtain model graph for `RouterNet([...]` with `torch.export.export(..., strict=False)`... ✅
[torch.onnx] Run decompositions...
[torch.onnx] Run decompositions... ✅
[torch.onnx] Translate the graph into ONNX...
[torch.onnx] Translate the graph into ONNX... ✅
[torch.onnx] Optimize the ONNX graph...
[torch.onnx] Optimize the ONNX graph... ✅
Job  650/1200 | Phase: Stochastic_COMPO | Rej(last50):  0/50 | AvgLat: 2007.9us | AvgRegret:  809.9us | Evidence: aec551bfbc...
[CanaryDeployer] Promoted candidate to active NPU policy.
[torch.onnx] Obtain model graph for `RouterNet([...]` with `torch.export.export(..., strict=False)`...
[torch.onnx] Obtain model graph for `RouterNet([...]` with `torch.export.export(..., strict=False)`... ✅
[torch.onnx] Run decompositions...
[torch.onnx] Run decompositions... ✅
[torch.onnx] Translate the graph into ONNX...
[torch.onnx] Translate the graph into ONNX... ✅
[torch.onnx] Optimize the ONNX graph...
[torch.onnx] Optimize the ONNX graph... ✅
[CanaryDeployer] Promoted candidate to active NPU policy.
[torch.onnx] Obtain model graph for `RouterNet([...]` with `torch.export.export(..., strict=False)`...
[torch.onnx] Obtain model graph for `RouterNet([...]` with `torch.export.export(..., strict=False)`... ✅
[torch.onnx] Run decompositions...
[torch.onnx] Run decompositions... ✅
[torch.onnx] Translate the graph into ONNX...
[torch.onnx] Translate the graph into ONNX... ✅
[torch.onnx] Optimize the ONNX graph...
[torch.onnx] Optimize the ONNX graph... ✅
[CanaryDeployer] Promoted candidate to active NPU policy.
[torch.onnx] Obtain model graph for `RouterNet([...]` with `torch.export.export(..., strict=False)`...
[torch.onnx] Obtain model graph for `RouterNet([...]` with `torch.export.export(..., strict=False)`... ✅
[torch.onnx] Run decompositions...
[torch.onnx] Run decompositions... ✅
[torch.onnx] Translate the graph into ONNX...
[torch.onnx] Translate the graph into ONNX... ✅
[torch.onnx] Optimize the ONNX graph...
[torch.onnx] Optimize the ONNX graph... ✅
Job  700/1200 | Phase: Stochastic_COMPO | Rej(last50):  0/50 | AvgLat: 1865.2us | AvgRegret:  812.8us | Evidence: 95a1802d77...

[StochasticEnv] >>> Environmental Shock at Job 701: DEVICE_OUTAGE (Hardware authority took GPU offline (SCHED_SET_ONLINE 1 0)) | Planned Dwell: 30 jobs <<<
[CanaryDeployer] Promoted candidate to active NPU policy.
[torch.onnx] Obtain model graph for `RouterNet([...]` with `torch.export.export(..., strict=False)`...
[torch.onnx] Obtain model graph for `RouterNet([...]` with `torch.export.export(..., strict=False)`... ✅
[torch.onnx] Run decompositions...
[torch.onnx] Run decompositions... ✅
[torch.onnx] Translate the graph into ONNX...
[torch.onnx] Translate the graph into ONNX... ✅
[torch.onnx] Optimize the ONNX graph...
[torch.onnx] Optimize the ONNX graph... ✅

[StochasticEnv] >>> Environmental Shock at Job 731: NOMINAL (All devices online and unburdened) | Planned Dwell: 45 jobs <<<
[CanaryDeployer] Promoted candidate to active NPU policy.
[torch.onnx] Obtain model graph for `RouterNet([...]` with `torch.export.export(..., strict=False)`...
[torch.onnx] Obtain model graph for `RouterNet([...]` with `torch.export.export(..., strict=False)`... ✅
[torch.onnx] Run decompositions...
[torch.onnx] Run decompositions... ✅
[torch.onnx] Translate the graph into ONNX...
[torch.onnx] Translate the graph into ONNX... ✅
[torch.onnx] Optimize the ONNX graph...
[torch.onnx] Optimize the ONNX graph... ✅
Job  750/1200 | Phase: Stochastic_NOMIN | Rej(last50):  0/50 | AvgLat: 2222.6us | AvgRegret:  692.1us | Evidence: 63aa211245...C:\Users\nateb\AppData\Local\Programs\Python\Python313\Lib\copyreg.py:99: FutureWarning: `isinstance(treespec, LeafSpec)` is deprecated, use `isinstance(treespec, TreeSpec) and treespec.is_leaf()` instead.
  return cls.__new__(cls, *args)
C:\Users\nateb\AppData\Local\Programs\Python\Python313\Lib\copyreg.py:99: FutureWarning: `isinstance(treespec, LeafSpec)` is deprecated, use `isinstance(treespec, TreeSpec) and treespec.is_leaf()` instead.
  return cls.__new__(cls, *args)
C:\Users\nateb\AppData\Local\Programs\Python\Python313\Lib\copyreg.py:99: FutureWarning: `isinstance(treespec, LeafSpec)` is deprecated, use `isinstance(treespec, TreeSpec) and treespec.is_leaf()` instead.
  return cls.__new__(cls, *args)
C:\Users\nateb\AppData\Local\Programs\Python\Python313\Lib\copyreg.py:99: FutureWarning: `isinstance(treespec, LeafSpec)` is deprecated, use `isinstance(treespec, TreeSpec) and treespec.is_leaf()` instead.
  return cls.__new__(cls, *args)
[CanaryDeployer] Regression check failed: cand_mse=0.9144 > act_mse=0.7422
C:\Users\nateb\AppData\Local\Programs\Python\Python313\Lib\copyreg.py:99: FutureWarning: `isinstance(treespec, LeafSpec)` is deprecated, use `isinstance(treespec, TreeSpec) and treespec.is_leaf()` instead.
  return cls.__new__(cls, *args)
[CanaryDeployer] Regression check failed: cand_mse=1.0074 > act_mse=0.7480
C:\Users\nateb\AppData\Local\Programs\Python\Python313\Lib\copyreg.py:99: FutureWarning: `isinstance(treespec, LeafSpec)` is deprecated, use `isinstance(treespec, TreeSpec) and treespec.is_leaf()` instead.
  return cls.__new__(cls, *args)
[CanaryDeployer] Regression check failed: cand_mse=0.9684 > act_mse=0.7501
C:\Users\nateb\AppData\Local\Programs\Python\Python313\Lib\copyreg.py:99: FutureWarning: `isinstance(treespec, LeafSpec)` is deprecated, use `isinstance(treespec, TreeSpec) and treespec.is_leaf()` instead.
  return cls.__new__(cls, *args)
[CanaryDeployer] Regression check failed: cand_mse=1.8975 > act_mse=0.7550
C:\Users\nateb\AppData\Local\Programs\Python\Python313\Lib\copyreg.py:99: FutureWarning: `isinstance(treespec, LeafSpec)` is deprecated, use `isinstance(treespec, TreeSpec) and treespec.is_leaf()` instead.
  return cls.__new__(cls, *args)
[CanaryDeployer] Regression check failed: cand_mse=1.6474 > act_mse=0.7475
C:\Users\nateb\AppData\Local\Programs\Python\Python313\Lib\copyreg.py:99: FutureWarning: `isinstance(treespec, LeafSpec)` is deprecated, use `isinstance(treespec, TreeSpec) and treespec.is_leaf()` instead.
  return cls.__new__(cls, *args)
[CanaryDeployer] Regression check failed: cand_mse=1.1975 > act_mse=0.7551
C:\Users\nateb\AppData\Local\Programs\Python\Python313\Lib\copyreg.py:99: FutureWarning: `isinstance(treespec, LeafSpec)` is deprecated, use `isinstance(treespec, TreeSpec) and treespec.is_leaf()` instead.
  return cls.__new__(cls, *args)
[CanaryDeployer] Regression check failed: cand_mse=0.8765 > act_mse=0.7190
C:\Users\nateb\AppData\Local\Programs\Python\Python313\Lib\copyreg.py:99: FutureWarning: `isinstance(treespec, LeafSpec)` is deprecated, use `isinstance(treespec, TreeSpec) and treespec.is_leaf()` instead.
  return cls.__new__(cls, *args)
C:\Users\nateb\AppData\Local\Programs\Python\Python313\Lib\copyreg.py:99: FutureWarning: `isinstance(treespec, LeafSpec)` is deprecated, use `isinstance(treespec, TreeSpec) and treespec.is_leaf()` instead.
  return cls.__new__(cls, *args)
C:\Users\nateb\AppData\Local\Programs\Python\Python313\Lib\copyreg.py:99: FutureWarning: `isinstance(treespec, LeafSpec)` is deprecated, use `isinstance(treespec, TreeSpec) and treespec.is_leaf()` instead.
  return cls.__new__(cls, *args)
C:\Users\nateb\AppData\Local\Programs\Python\Python313\Lib\copyreg.py:99: FutureWarning: `isinstance(treespec, LeafSpec)` is deprecated, use `isinstance(treespec, TreeSpec) and treespec.is_leaf()` instead.
  return cls.__new__(cls, *args)

[CanaryDeployer] Promoted candidate to active NPU policy.
[torch.onnx] Obtain model graph for `RouterNet([...]` with `torch.export.export(..., strict=False)`...
[torch.onnx] Obtain model graph for `RouterNet([...]` with `torch.export.export(..., strict=False)`... ✅
[torch.onnx] Run decompositions...
[torch.onnx] Run decompositions... ✅
[torch.onnx] Translate the graph into ONNX...
[torch.onnx] Translate the graph into ONNX... ✅
[torch.onnx] Optimize the ONNX graph...
[torch.onnx] Optimize the ONNX graph... ✅
[CanaryDeployer] Promoted candidate to active NPU policy.

[StochasticEnv] >>> Environmental Shock at Job 776: GPU_CONTENTION (Heavy background GEMM contention active on RTX 5070 GPU) | Planned Dwell: 37 jobs <<<
[torch.onnx] Obtain model graph for `RouterNet([...]` with `torch.export.export(..., strict=False)`...
[torch.onnx] Obtain model graph for `RouterNet([...]` with `torch.export.export(..., strict=False)`... ✅
[torch.onnx] Run decompositions...
[torch.onnx] Run decompositions... ✅
[torch.onnx] Translate the graph into ONNX...
[torch.onnx] Translate the graph into ONNX... ✅
[torch.onnx] Optimize the ONNX graph...
[torch.onnx] Optimize the ONNX graph... ✅
[CanaryDeployer] Promoted candidate to active NPU policy.
[torch.onnx] Obtain model graph for `RouterNet([...]` with `torch.export.export(..., strict=False)`...
[torch.onnx] Obtain model graph for `RouterNet([...]` with `torch.export.export(..., strict=False)`... ✅
[torch.onnx] Run decompositions...
[torch.onnx] Run decompositions... ✅
[torch.onnx] Translate the graph into ONNX...
[torch.onnx] Translate the graph into ONNX... ✅
[torch.onnx] Optimize the ONNX graph...
[torch.onnx] Optimize the ONNX graph... ✅
Job  800/1200 | Phase: Stochastic_GPU_C | Rej(last50):  0/50 | AvgLat: 2516.3us | AvgRegret: 1305.5us | Evidence: ef32b7b345...

[StochasticEnv] >>> Environmental Shock at Job 813: NOMINAL (All devices online and unburdened) | Planned Dwell: 84 jobs <<<
[CanaryDeployer] Promoted candidate to active NPU policy.
[torch.onnx] Obtain model graph for `RouterNet([...]` with `torch.export.export(..., strict=False)`...
[torch.onnx] Obtain model graph for `RouterNet([...]` with `torch.export.export(..., strict=False)`... ✅
[torch.onnx] Run decompositions...
[torch.onnx] Run decompositions... ✅
[torch.onnx] Translate the graph into ONNX...
[torch.onnx] Translate the graph into ONNX... ✅
[torch.onnx] Optimize the ONNX graph...
[torch.onnx] Optimize the ONNX graph... ✅
[torch.onnx] Obtain model graph for `RouterNet([...]` with `torch.export.export(..., strict=False)`...
[torch.onnx] Obtain model graph for `RouterNet([...]` with `torch.export.export(..., strict=False)`... ✅
[torch.onnx] Run decompositions...
[torch.onnx] Run decompositions... ✅
[torch.onnx] Translate the graph into ONNX...
[torch.onnx] Translate the graph into ONNX... ✅
[torch.onnx] Optimize the ONNX graph...
[torch.onnx] Optimize the ONNX graph... ✅
Job  850/1200 | Phase: Stochastic_NOMIN | Rej(last50):  0/50 | AvgLat: 1561.5us | AvgRegret:  536.2us | Evidence: 97595b73e8...
[torch.onnx] Obtain model graph for `RouterNet([...]` with `torch.export.export(..., strict=False)`...
[torch.onnx] Obtain model graph for `RouterNet([...]` with `torch.export.export(..., strict=False)`... ✅
[torch.onnx] Run decompositions...
[torch.onnx] Run decompositions... ✅
[torch.onnx] Translate the graph into ONNX...
[torch.onnx] Translate the graph into ONNX... ✅
[torch.onnx] Optimize the ONNX graph...
[torch.onnx] Optimize the ONNX graph... ✅
[torch.onnx] Obtain model graph for `RouterNet([...]` with `torch.export.export(..., strict=False)`...
[torch.onnx] Obtain model graph for `RouterNet([...]` with `torch.export.export(..., strict=False)`... ✅
[torch.onnx] Run decompositions...
[torch.onnx] Run decompositions... ✅
[torch.onnx] Translate the graph into ONNX...
[torch.onnx] Translate the graph into ONNX... ✅
[torch.onnx] Optimize the ONNX graph...
[torch.onnx] Optimize the ONNX graph... ✅

[StochasticEnv] >>> Environmental Shock at Job 897: NOMINAL (All devices online and unburdened) | Planned Dwell: 111 jobs <<<
[torch.onnx] Obtain model graph for `RouterNet([...]` with `torch.export.export(..., strict=False)`...
[torch.onnx] Obtain model graph for `RouterNet([...]` with `torch.export.export(..., strict=False)`... ✅
[torch.onnx] Run decompositions...
[torch.onnx] Run decompositions... ✅
[torch.onnx] Translate the graph into ONNX...
[torch.onnx] Translate the graph into ONNX... ✅
[torch.onnx] Optimize the ONNX graph...
[torch.onnx] Optimize the ONNX graph... ✅
Job  900/1200 | Phase: Stochastic_NOMIN | Rej(last50):  0/50 | AvgLat: 1442.8us | AvgRegret:  151.5us | Evidence: 0b25180342...
[torch.onnx] Obtain model graph for `RouterNet([...]` with `torch.export.export(..., strict=False)`...
[torch.onnx] Obtain model graph for `RouterNet([...]` with `torch.export.export(..., strict=False)`... ✅
[torch.onnx] Run decompositions...
[torch.onnx] Run decompositions... ✅
[torch.onnx] Translate the graph into ONNX...
[torch.onnx] Translate the graph into ONNX... ✅
[torch.onnx] Optimize the ONNX graph...
[torch.onnx] Optimize the ONNX graph... ✅
[torch.onnx] Obtain model graph for `RouterNet([...]` with `torch.export.export(..., strict=False)`...
[torch.onnx] Obtain model graph for `RouterNet([...]` with `torch.export.export(..., strict=False)`... ✅
[torch.onnx] Run decompositions...
[torch.onnx] Run decompositions... ✅
[torch.onnx] Translate the graph into ONNX...
[torch.onnx] Translate the graph into ONNX... ✅
[torch.onnx] Optimize the ONNX graph...
[torch.onnx] Optimize the ONNX graph... ✅
Job  950/1200 | Phase: Stochastic_NOMIN | Rej(last50):  0/50 | AvgLat: 1688.3us | AvgRegret:  274.2us | Evidence: da8533e6ec...
[torch.onnx] Obtain model graph for `RouterNet([...]` with `torch.export.export(..., strict=False)`...
[torch.onnx] Obtain model graph for `RouterNet([...]` with `torch.export.export(..., strict=False)`... ✅
[torch.onnx] Run decompositions...
[torch.onnx] Run decompositions... ✅
[torch.onnx] Translate the graph into ONNX...
[torch.onnx] Translate the graph into ONNX... ✅
[torch.onnx] Optimize the ONNX graph...
[torch.onnx] Optimize the ONNX graph... ✅
[CanaryDeployer] Promoted candidate to active NPU policy.
[torch.onnx] Obtain model graph for `RouterNet([...]` with `torch.export.export(..., strict=False)`...
[torch.onnx] Obtain model graph for `RouterNet([...]` with `torch.export.export(..., strict=False)`... ✅
[torch.onnx] Run decompositions...
[torch.onnx] Run decompositions... ✅
[torch.onnx] Translate the graph into ONNX...
[torch.onnx] Translate the graph into ONNX... ✅
[torch.onnx] Optimize the ONNX graph...
[torch.onnx] Optimize the ONNX graph... ✅
[CanaryDeployer] Promoted candidate to active NPU policy.
[GoldenBenchmark] Job 1000: Mean Golden Suite Latency = 1343.2 us (Retention check: OK)
[torch.onnx] Obtain model graph for `RouterNet([...]` with `torch.export.export(..., strict=False)`...
[torch.onnx] Obtain model graph for `RouterNet([...]` with `torch.export.export(..., strict=False)`... ✅
[torch.onnx] Run decompositions...
[torch.onnx] Run decompositions... ✅
[torch.onnx] Translate the graph into ONNX...
[torch.onnx] Translate the graph into ONNX... ✅
[torch.onnx] Optimize the ONNX graph...
[torch.onnx] Optimize the ONNX graph... ✅
Job 1000/1200 | Phase: Stochastic_NOMIN | Rej(last50):  0/50 | AvgLat: 1487.4us | AvgRegret:  192.4us | Evidence: 0a4d4c942f...

[StochasticEnv] >>> Environmental Shock at Job 1008: LARGE_BATCH_BURST (Heavy Poisson burst of batch 16 and 64 workloads) | Planned Dwell: 215 jobs <<<
[CanaryDeployer] Promoted candidate to active NPU policy.
[torch.onnx] Obtain model graph for `RouterNet([...]` with `torch.export.export(..., strict=False)`...
[torch.onnx] Obtain model graph for `RouterNet([...]` with `torch.export.export(..., strict=False)`... ✅
[torch.onnx] Run decompositions...
[torch.onnx] Run decompositions... ✅
[torch.onnx] Translate the graph into ONNX...
[torch.onnx]C:\Users\nateb\AppData\Local\Programs\Python\Python313\Lib\copyreg.py:99: FutureWarning: `isinstance(treespec, LeafSpec)` is deprecated, use `isinstance(treespec, TreeSpec) and treespec.is_leaf()` instead.
  return cls.__new__(cls, *args)
[CanaryDeployer] Regression check failed: cand_mse=0.7833 > act_mse=0.7109
C:\Users\nateb\AppData\Local\Programs\Python\Python313\Lib\copyreg.py:99: FutureWarning: `isinstance(treespec, LeafSpec)` is deprecated, use `isinstance(treespec, TreeSpec) and treespec.is_leaf()` instead.
  return cls.__new__(cls, *args)
[CanaryDeployer] Regression check failed: cand_mse=0.7717 > act_mse=0.6204
C:\Users\nateb\AppData\Local\Programs\Python\Python313\Lib\copyreg.py:99: FutureWarning: `isinstance(treespec, LeafSpec)` is deprecated, use `isinstance(treespec, TreeSpec) and treespec.is_leaf()` instead.
  return cls.__new__(cls, *args)
[CanaryDeployer] Regression check failed: cand_mse=0.9172 > act_mse=0.6281
C:\Users\nateb\AppData\Local\Programs\Python\Python313\Lib\copyreg.py:99: FutureWarning: `isinstance(treespec, LeafSpec)` is deprecated, use `isinstance(treespec, TreeSpec) and treespec.is_leaf()` instead.
  return cls.__new__(cls, *args)
[CanaryDeployer] Regression check failed: cand_mse=1.5578 > act_mse=0.6284
C:\Users\nateb\AppData\Local\Programs\Python\Python313\Lib\copyreg.py:99: FutureWarning: `isinstance(treespec, LeafSpec)` is deprecated, use `isinstance(treespec, TreeSpec) and treespec.is_leaf()` instead.
  return cls.__new__(cls, *args)
[CanaryDeployer] Regression check failed: cand_mse=1.4057 > act_mse=0.6319
C:\Users\nateb\AppData\Local\Programs\Python\Python313\Lib\copyreg.py:99: FutureWarning: `isinstance(treespec, LeafSpec)` is deprecated, use `isinstance(treespec, TreeSpec) and treespec.is_leaf()` instead.
  return cls.__new__(cls, *args)
[CanaryDeployer] Regression check failed: cand_mse=0.9863 > act_mse=0.6290
C:\Users\nateb\AppData\Local\Programs\Python\Python313\Lib\copyreg.py:99: FutureWarning: `isinstance(treespec, LeafSpec)` is deprecated, use `isinstance(treespec, TreeSpec) and treespec.is_leaf()` instead.
  return cls.__new__(cls, *args)
[CanaryDeployer] Regression check failed: cand_mse=1.1185 > act_mse=0.6310
C:\Users\nateb\AppData\Local\Programs\Python\Python313\Lib\copyreg.py:99: FutureWarning: `isinstance(treespec, LeafSpec)` is deprecated, use `isinstance(treespec, TreeSpec) and treespec.is_leaf()` instead.
  return cls.__new__(cls, *args)
[CanaryDeployer] Regression check failed: cand_mse=1.2760 > act_mse=0.6300
C:\Users\nateb\AppData\Local\Programs\Python\Python313\Lib\copyreg.py:99: FutureWarning: `isinstance(treespec, LeafSpec)` is deprecated, use `isinstance(treespec, TreeSpec) and treespec.is_leaf()` instead.
  return cls.__new__(cls, *args)
[CanaryDeployer] Regression check failed: cand_mse=1.1875 > act_mse=0.6279
 Translate the graph into ONNX... ✅
[torch.onnx] Optimize the ONNX graph...
[torch.onnx] Optimize the ONNX graph... ✅
[CanaryDeployer] Promoted candidate to active NPU policy.
[torch.onnx] Obtain model graph for `RouterNet([...]` with `torch.export.export(..., strict=False)`...
[torch.onnx] Obtain model graph for `RouterNet([...]` with `torch.export.export(..., strict=False)`... ✅
[torch.onnx] Run decompositions...
[torch.onnx] Run decompositions... ✅
[torch.onnx] Translate the graph into ONNX...
[torch.onnx] Translate the graph into ONNX... ✅
[torch.onnx] Optimize the ONNX graph...
[torch.onnx] Optimize the ONNX graph... ✅
Job 1050/1200 | Phase: Stochastic_LARGE | Rej(last50):  0/50 | AvgLat: 2254.2us | AvgRegret:  449.7us | Evidence: 6074172d9e...
[torch.onnx] Obtain model graph for `RouterNet([...]` with `torch.export.export(..., strict=False)`...
[torch.onnx] Obtain model graph for `RouterNet([...]` with `torch.export.export(..., strict=False)`... ✅
[torch.onnx] Run decompositions...
[torch.onnx] Run decompositions... ✅
[torch.onnx] Translate the graph into ONNX...
[torch.onnx] Translate the graph into ONNX... ✅
[torch.onnx] Optimize the ONNX graph...
[torch.onnx] Optimize the ONNX graph... ✅
[torch.onnx] Obtain model graph for `RouterNet([...]` with `torch.export.export(..., strict=False)`...
[torch.onnx] Obtain model graph for `RouterNet([...]` with `torch.export.export(..., strict=False)`... ✅
[torch.onnx] Run decompositions...
[torch.onnx] Run decompositions... ✅
[torch.onnx] Translate the graph into ONNX...
[torch.onnx] Translate the graph into ONNX... ✅
[torch.onnx] Optimize the ONNX graph...
[torch.onnx] Optimize the ONNX graph... ✅
[torch.onnx] Obtain model graph for `RouterNet([...]` with `torch.export.export(..., strict=False)`...
[torch.onnx] Obtain model graph for `RouterNet([...]` with `torch.export.export(..., strict=False)`... ✅
[torch.onnx] Run decompositions...
[torch.onnx] Run decompositions... ✅
[torch.onnx] Translate the graph into ONNX...
[torch.onnx] Translate the graph into ONNX... ✅
[torch.onnx] Optimize the ONNX graph...
[torch.onnx] Optimize the ONNX graph... ✅
Job 1100/1200 | Phase: Stochastic_LARGE | Rej(last50):  0/50 | AvgLat: 2678.5us | AvgRegret:  372.3us | Evidence: dee4439760...
[torch.onnx] Obtain model graph for `RouterNet([...]` with `torch.export.export(..., strict=False)`...
[torch.onnx] Obtain model graph for `RouterNet([...]` with `torch.export.export(..., strict=False)`... ✅
[torch.onnx] Run decompositions...
[torch.onnx] Run decompositions... ✅
[torch.onnx] Translate the graph into ONNX...
[torch.onnx] Translate the graph into ONNX... ✅
[torch.onnx] Optimize the ONNX graph...
[torch.onnx] Optimize the ONNX graph... ✅
[torch.onnx] Obtain model graph for `RouterNet([...]` with `torch.export.export(..., strict=False)`...
[torch.onnx] Obtain model graph for `RouterNet([...]` with `torch.export.export(..., strict=False)`... ✅
[torch.onnx] Run decompositions...
[torch.onnx] Run decompositions... ✅
[torch.onnx] Translate the graph into ONNX...
[torch.onnx] Translate the graph into ONNX... ✅
[torch.onnx] Optimize the ONNX graph...
[torch.onnx] Optimize the ONNX graph... ✅
Job 1150/1200 | Phase: Stochastic_LARGE | Rej(last50):  0/50 | AvgLat: 2444.3us | AvgRegret:  442.7us | Evidence: 911cc77d44...
[torch.onnx] Obtain model graph for `RouterNet([...]` with `torch.export.export(..., strict=False)`...
[torch.onnx] Obtain model graph for `RouterNet([...]` with `torch.export.export(..., strict=False)`... ✅
[torch.onnx] Run decompositions...
[torch.onnx] Run decompositions... ✅
[torch.onnx] Translate the graph into ONNX...
[torch.onnx] Translate the graph into ONNX... ✅
[torch.onnx] Optimize the ONNX graph...
[torch.onnx] Optimize the ONNX graph... ✅
[torch.onnx] Obtain model graph for `RouterNet([...]` with `torch.export.export(..., strict=False)`...
[torch.onnx] Obtain model graph for `RouterNet([...]` with `torch.export.export(..., strict=False)`... ✅
[torch.onnx] Run decompositions...
[torch.onnx] Run decompositions... ✅
[torch.onnx] Translate the graph into ONNX...
[torch.onnx] Translate the graph into ONNX... ✅
[torch.onnx] Optimize the ONNX graph...
[torch.onnx] Optimize the ONNX graph... ✅
[GoldenBenchmark] Job 1200: Mean Golden Suite Latency = 1288.0 us (Retention check: OK)
[torch.onnx] Obtain model graph for `RouterNet([...]` with `torch.export.export(..., strict=False)`...
[torch.onnx] Obtain model graph for `RouterNet([...]` with `torch.export.export(..., strict=False)`... ✅
[torch.onnx] Run decompositions...
[torch.onnx] Run decompositions... ✅
[torch.onnx] Translate the graph into ONNX...
[torch.onnx] Translate the graph into ONNX... ✅
[torch.onnx] Optimize the ONNX graph...
[torch.onnx] Optimize the ONNX graph... ✅
Job 1200/1200 | Phase: Stochastic_LARGE | Rej(last50):  0/50 | AvgLat: 2390.3us | AvgRegret:  410.7us | Evidence: 3cfdcbc25f...

[Campaign] Report successfully saved to: C:\Users\nateb\OneDrive\Documents\UoW ESP32\qualification\artifacts\final-physical\20260924T203451Z\F2\router_campaign_report.json

================= CAMPAIGN AUDIT SUMMARY (Seed 20260924) =================
  [PASS] G0_zero_wrong_commits: {'observed_pass': True, 'qualified': True, 'passed': True, 'evidence_level': 'physical', 'required_evidence_level': 'physical', 'required_components': ['authority'], 'wrong_commits': 0}
  [PASS] G1_offline_target_authority: {'observed_pass': True, 'qualified': True, 'passed': True, 'evidence_level': 'physical', 'required_evidence_level': 'physical', 'required_components': ['authority'], 'total_rejections': 0, 'p5_rejections': 0, 'negative_control': {'observed_pass': True, 'forced_reason': 'DEVICE_OFFLINE', 'committed': False, 'state_unchanged': True, 'evidence_unchanged': True, 'offline_mask': 5}}
  [PASS] G2_adaptation_convergence: {'observed_pass': True, 'qualified': True, 'passed': True, 'evidence_level': 'physical', 'required_evidence_level': 'physical', 'required_components': ['authority', 'cpu', 'gpu', 'npu', 'gpu_training', 'npu_policy']}
  [PASS] G3_heterogeneous_execution: {'observed_pass': True, 'qualified': True, 'passed': True, 'evidence_level': 'physical', 'required_evidence_level': 'physical', 'required_components': ['authority', 'cpu', 'gpu', 'npu'], 'cpu_jobs': 1053, 'gpu_jobs': 114, 'npu_jobs': 33}
  [PASS] G4_latency_regret_reduction: {'observed_pass': True, 'qualified': True, 'passed': True, 'evidence_level': 'physical', 'required_evidence_level': 'physical', 'required_components': ['authority', 'cpu', 'gpu', 'npu'], 'avg_regret_us': 641.975, 'oracle': 'measured_actual_hardware'}
  [PASS] G5_evidence_chain_continuity: {'observed_pass': True, 'qualified': True, 'passed': True, 'evidence_level': 'physical', 'required_evidence_level': 'physical', 'required_components': ['authority'], 'links_verified': 2400, 'expected_links': 2400, 'verification_failures': 0, 'final_evidence_root': 'd8d567e125bc6fa1a8fd5e31eff7d88e9e53a491ecd0dbc693aff491119b4306'}
  [PASS] G6_canary_safety: {'observed_pass': True, 'qualified': True, 'passed': True, 'evidence_level': 'physical', 'required_evidence_level': 'physical', 'required_components': ['authority', 'cpu', 'gpu', 'npu', 'gpu_training', 'npu_policy'], 'npu_promotions': 44}
  [PASS] G7_retention_reacquisition: {'observed_pass': True, 'qualified': True, 'passed': True, 'evidence_level': 'physical', 'required_evidence_level': 'physical', 'required_components': ['authority', 'cpu', 'gpu', 'npu', 'gpu_training', 'npu_policy']}
  [PASS] G8_adversarial_rollback: {'observed_pass': True, 'qualified': True, 'passed': True, 'evidence_level': 'physical', 'required_evidence_level': 'physical', 'required_components': ['authority', 'cpu', 'gpu', 'npu', 'gpu_training', 'npu_policy'], 'rollbacks': 2}
  [PASS] G9_stochastic_recovery: {'observed_pass': True, 'qualified': True, 'passed': True, 'evidence_level': 'physical', 'required_evidence_level': 'physical', 'required_components': ['authority', 'cpu', 'gpu', 'npu', 'gpu_training', 'npu_policy']}
  [PASS] G10_retention_memory_ratio: {'observed_pass': True, 'qualified': True, 'passed': True, 'evidence_level': 'physical', 'required_evidence_level': 'physical', 'required_components': ['authority', 'cpu', 'gpu', 'npu', 'gpu_training', 'npu_policy']}
  [PASS] G11_occ_concurrency: {'observed_pass': True, 'qualified': True, 'passed': True, 'evidence_level': 'physical', 'required_evidence_level': 'physical', 'required_components': ['authority'], 'concurrency': 4, 'occ_conflicts': 75, 'occ_retries_successful': 75}
  [PASS] G12_distribution_stability: {'observed_pass': True, 'qualified': True, 'passed': True, 'evidence_level': 'physical', 'required_evidence_level': 'physical', 'required_components': ['authority', 'cpu', 'gpu', 'npu'], 'p50_regret_us': 254.0, 'p95_regret_us': 2322.0, 'p99_regret_us': 4297.0, 'variance_ratio': 0.836734648751878, 'oracle': 'measured_actual_hardware'}
  all_gates_passed: True
  all_logic_observed: True
========================================================================

