Processing esp32s3_p0_a1 (platform: espressif32; board: esp32-s3-devkitc-1; framework: arduino)
--------------------------------------------------------------------------------
Verbose mode can be enabled via `-v, --verbose` option
CONFIGURATION: https://docs.platformio.org/page/boards/espressif32/esp32-s3-devkitc-1.html
PLATFORM: Espressif 32 (6.11.0) > Espressif ESP32-S3-DevKitC-1-N8 (8 MB QD, No PSRAM)
HARDWARE: ESP32S3 240MHz, 320KB RAM, 8MB Flash
DEBUG: Current (esp-builtin) On-board (esp-builtin) External (cmsis-dap, esp-bridge, esp-prog, iot-bus-jtag, jlink, minimodule, olimex-arm-usb-ocd, olimex-arm-usb-ocd-h, olimex-arm-usb-tiny-h, olimex-jtag-tiny, tumpa)
PACKAGES: 
 - framework-arduinoespressif32 @ 3.20017.241212+sha.dcc1105b 
 - tool-esptoolpy @ 1.40501.0 (4.5.1) 
 - tool-mkfatfs @ 2.0.1 
 - tool-mklittlefs @ 1.203.210628 (2.3) 
 - tool-mkspiffs @ 2.230.0 (2.30) 
 - toolchain-riscv32-esp @ 8.4.0+2021r2-patch5 
 - toolchain-xtensa-esp32s3 @ 8.4.0+2021r2-patch5
LDF: Library Dependency Finder -> https://bit.ly/configure-pio-ldf
LDF Modes: Finder ~ chain, Compatibility ~ soft
Found 33 compatible libraries
Scanning dependencies...
No dependencies
Building in release mode
Retrieving maximum program size .pio\build\esp32s3_p0_a1\firmware.elf
Checking size .pio\build\esp32s3_p0_a1\firmware.elf
Advanced Memory Usage is available via "PlatformIO Home > Project Inspect"
RAM:   [=         ]   8.1% (used 26428 bytes from 327680 bytes)
Flash: [==        ]  17.2% (used 573593 bytes from 3342336 bytes)
Configuring upload protocol...
AVAILABLE: cmsis-dap, esp-bridge, esp-builtin, esp-prog, espota, esptool, iot-bus-jtag, jlink, minimodule, olimex-arm-usb-ocd, olimex-arm-usb-ocd-h, olimex-arm-usb-tiny-h, olimex-jtag-tiny, tumpa
CURRENT: upload_protocol = esptool
Looking for upload port...
Auto-detected: COM10
Uploading .pio\build\esp32s3_p0_a1\firmware.bin
esptool.py v4.5.1
Serial port COM10
Connecting...
Chip is ESP32-S3 (revision v0.2)
Features: WiFi, BLE
Crystal is 40MHz
MAC: 98:3d:ae:61:32:ac
Uploading stub...
Running stub...
Stub running...
Changing baud rate to 460800
Changed.
Configuring flash size...
Flash will be erased from 0x00000000 to 0x00003fff...
Flash will be erased from 0x00008000 to 0x00008fff...
Flash will be erased from 0x0000e000 to 0x0000ffff...
Flash will be erased from 0x00010000 to 0x0009cfff...
Compressed 15104 bytes to 10430...
Writing at 0x00000000... (100 %)
Wrote 15104 bytes (10430 compressed) at 0x00000000 in 0.3 seconds (effective 371.5 kbit/s)...
Hash of data verified.
Compressed 3072 bytes to 146...
Writing at 0x00008000... (100 %)
Wrote 3072 bytes (146 compressed) at 0x00008000 in 0.1 seconds (effective 368.4 kbit/s)...
Hash of data verified.
Compressed 8192 bytes to 47...
Writing at 0x0000e000... (100 %)
Wrote 8192 bytes (47 compressed) at 0x0000e000 in 0.1 seconds (effective 503.0 kbit/s)...
Hash of data verified.
Compressed 573952 bytes to 297438...
Writing at 0x00010000... (5 %)
Writing at 0x0001b545... (10 %)
Writing at 0x0002860d... (15 %)
Writing at 0x0003680e... (21 %)
Writing at 0x0003be84... (26 %)
Writing at 0x00041d50... (31 %)
Writing at 0x000484e1... (36 %)
Writing at 0x0004ecd2... (42 %)
Writing at 0x00054584... (47 %)
Writing at 0x00059b47... (52 %)
Writing at 0x0005ee26... (57 %)
Writing at 0x00065276... (63 %)
Writing at 0x0006de4c... (68 %)
Writing at 0x00075652... (73 %)
Writing at 0x0007d05e... (78 %)
Writing at 0x00083255... (84 %)
Writing at 0x0008b04e... (89 %)
Writing at 0x00093a50... (94 %)
Writing at 0x0009b0df... (100 %)
Wrote 573952 bytes (297438 compressed) at 0x00010000 in 4.2 seconds (effective 1094.3 kbit/s)...
Hash of data verified.

Leaving...
Hard resetting via RTS pin...
========================= [SUCCESS] Took 7.83 seconds =========================

Environment    Status    Duration
-------------  --------  ------------
esp32s3_p0_a1  SUCCESS   00:00:07.832
========================= 1 succeeded in 00:00:07.832 =========================
