Open On-Chip Debugger 0.12.0+dev-ge6a2c12f4 (2025-05-22-15:51)
Licensed under GNU GPL v2
For bug reports, read
	http://openocd.org/doc/doxygen/bugs.html
debug_level: 2
clock_config
/tmp/remoteocd/zephyr-arduino_uno_q_stm32u585xx.elf
/tmp/remoteocd/zephyr-arduino_uno_q_stm32u585xx.elf
/tmp/remoteocd/uno_q_authority.ino.elf-zsk.bin
Info : Linux GPIOD JTAG/SWD bitbang driver (libgpiod v2)
Info : Note: The adapter "linuxgpiod" doesn't support configurable speed
Info : SWD DPIDR 0x0be12477
Info : [stm32u5.ap0] Examination succeed
Info : [stm32u5.cpu] Cortex-M33 r0p4 processor detected
Info : [stm32u5.cpu] target has 8 breakpoints, 4 watchpoints
Info : [stm32u5.cpu] Examination succeed
Info : [stm32u5.ap0] gdb port disabled
Info : [stm32u5.cpu] starting gdb server on 3333
Info : Listening on port 3333 for gdb connections
CPU in Non-Secure state
[stm32u5.cpu] halted due to debug-request, current mode: Thread 
xPSR: 0x41000000 pc: 0x08016f54 psp: 0x20042938
Info : device idcode = 0x30076482 (STM32U57/U58xx - Rev U : 0x3007)
Info : TZEN = 0 : TrustZone disabled by option bytes
Info : RDP level 0 (0xAA)
Info : flash size = 2048 KiB
Info : flash mode : dual-bank
Info : Padding image section 2 at 0x080374f4 with 12 bytes (bank write end alignment)
Info : Padding image section 0 at 0x0811c0cc with 4 bytes (bank write end alignment)
shutdown command invoked
New upload port:  (default)
